[     557ms] [INFO] %cDownload the React DevTools for a better development experience: https://react.dev/link/react-devtools font-weight:bold @ http://localhost:1421/node_modules/.vite/deps/react-dom_client.js?v=bbc580a7:20102
[     608ms] [ERROR] TypeError: Cannot read properties of undefined (reading 'invoke')
    at invoke (http://localhost:1421/node_modules/.vite/deps/chunk-I3MFRJHM.js?v=bbc580a7:77:37)
    at exists (http://localhost:1421/node_modules/.vite/deps/@tauri-apps_plugin-fs.js?v=bbc580a7:430:16)
    at ensureDirs (http://localhost:1421/src/store.js:14:15)
    at loadData (http://localhost:1421/src/store.js:21:9)
    at loadItems (http://localhost:1421/src/store.js:48:17)
    at http://localhost:1421/src/App.jsx:74:5
    at Object.react_stack_bottom_frame (http://localhost:1421/node_modules/.vite/deps/react-dom_client.js?v=bbc580a7:18567:20)
    at runWithFiberInDEV (http://localhost:1421/node_modules/.vite/deps/react-dom_client.js?v=bbc580a7:997:72)
    at commitHookEffectListMount (http://localhost:1421/node_modules/.vite/deps/react-dom_client.js?v=bbc580a7:9411:163)
    at commitHookPassiveMountEffects (http://localhost:1421/node_modules/.vite/deps/react-dom_client.js?v=bbc580a7:9465:60) @ :0
[     608ms] [ERROR] TypeError: Cannot read properties of undefined (reading 'invoke')
    at invoke (http://localhost:1421/node_modules/.vite/deps/chunk-I3MFRJHM.js?v=bbc580a7:77:37)
    at exists (http://localhost:1421/node_modules/.vite/deps/@tauri-apps_plugin-fs.js?v=bbc580a7:430:16)
    at ensureDirs (http://localhost:1421/src/store.js:14:15)
    at loadData (http://localhost:1421/src/store.js:21:9)
    at loadCollections (http://localhost:1421/src/store.js:179:17)
    at http://localhost:1421/src/App.jsx:75:5
    at Object.react_stack_bottom_frame (http://localhost:1421/node_modules/.vite/deps/react-dom_client.js?v=bbc580a7:18567:20)
    at runWithFiberInDEV (http://localhost:1421/node_modules/.vite/deps/react-dom_client.js?v=bbc580a7:997:72)
    at commitHookEffectListMount (http://localhost:1421/node_modules/.vite/deps/react-dom_client.js?v=bbc580a7:9411:163)
    at commitHookPassiveMountEffects (http://localhost:1421/node_modules/.vite/deps/react-dom_client.js?v=bbc580a7:9465:60) @ :0
[     608ms] [ERROR] TypeError: Cannot read properties of undefined (reading 'invoke')
    at invoke (http://localhost:1421/node_modules/.vite/deps/chunk-I3MFRJHM.js?v=bbc580a7:77:37)
    at exists (http://localhost:1421/node_modules/.vite/deps/@tauri-apps_plugin-fs.js?v=bbc580a7:430:16)
    at ensureDirs (http://localhost:1421/src/store.js:14:15)
    at loadData (http://localhost:1421/src/store.js:21:9)
    at loadItems (http://localhost:1421/src/store.js:48:17)
    at http://localhost:1421/src/App.jsx:74:5
    at Object.react_stack_bottom_frame (http://localhost:1421/node_modules/.vite/deps/react-dom_client.js?v=bbc580a7:18567:20)
    at runWithFiberInDEV (http://localhost:1421/node_modules/.vite/deps/react-dom_client.js?v=bbc580a7:997:72)
    at commitHookEffectListMount (http://localhost:1421/node_modules/.vite/deps/react-dom_client.js?v=bbc580a7:9411:163)
    at commitHookPassiveMountEffects (http://localhost:1421/node_modules/.vite/deps/react-dom_client.js?v=bbc580a7:9465:60) @ :0
[     608ms] [ERROR] TypeError: Cannot read properties of undefined (reading 'invoke')
    at invoke (http://localhost:1421/node_modules/.vite/deps/chunk-I3MFRJHM.js?v=bbc580a7:77:37)
    at exists (http://localhost:1421/node_modules/.vite/deps/@tauri-apps_plugin-fs.js?v=bbc580a7:430:16)
    at ensureDirs (http://localhost:1421/src/store.js:14:15)
    at loadData (http://localhost:1421/src/store.js:21:9)
    at loadCollections (http://localhost:1421/src/store.js:179:17)
    at http://localhost:1421/src/App.jsx:75:5
    at Object.react_stack_bottom_frame (http://localhost:1421/node_modules/.vite/deps/react-dom_client.js?v=bbc580a7:18567:20)
    at runWithFiberInDEV (http://localhost:1421/node_modules/.vite/deps/react-dom_client.js?v=bbc580a7:997:72)
    at commitHookEffectListMount (http://localhost:1421/node_modules/.vite/deps/react-dom_client.js?v=bbc580a7:9411:163)
    at commitHookPassiveMountEffects (http://localhost:1421/node_modules/.vite/deps/react-dom_client.js?v=bbc580a7:9465:60) @ :0
[     609ms] TypeError: Cannot read properties of undefined (reading 'transformCallback')
    at transformCallback (http://localhost:1421/node_modules/.vite/deps/chunk-I3MFRJHM.js?v=bbc580a7:22:37)
    at listen (http://localhost:1421/node_modules/.vite/deps/@tauri-apps_api_event.js?v=bbc580a7:38:14)
    at http://localhost:1421/src/App.jsx:127:29
    at http://localhost:1421/src/App.jsx:166:7
    at Object.react_stack_bottom_frame (http://localhost:1421/node_modules/.vite/deps/react-dom_client.js?v=bbc580a7:18567:20)
    at runWithFiberInDEV (http://localhost:1421/node_modules/.vite/deps/react-dom_client.js?v=bbc580a7:997:72)
    at commitHookEffectListMount (http://localhost:1421/node_modules/.vite/deps/react-dom_client.js?v=bbc580a7:9411:163)
    at commitHookPassiveMountEffects (http://localhost:1421/node_modules/.vite/deps/react-dom_client.js?v=bbc580a7:9465:60)
    at commitPassiveMountOnFiber (http://localhost:1421/node_modules/.vite/deps/react-dom_client.js?v=bbc580a7:11040:29)
    at recursivelyTraversePassiveMountEffects (http://localhost:1421/node_modules/.vite/deps/react-dom_client.js?v=bbc580a7:11010:13)
[     609ms] TypeError: Cannot read properties of undefined (reading 'transformCallback')
    at transformCallback (http://localhost:1421/node_modules/.vite/deps/chunk-I3MFRJHM.js?v=bbc580a7:22:37)
    at listen (http://localhost:1421/node_modules/.vite/deps/@tauri-apps_api_event.js?v=bbc580a7:38:14)
    at http://localhost:1421/src/App.jsx:127:29
    at http://localhost:1421/src/App.jsx:166:7
    at Object.react_stack_bottom_frame (http://localhost:1421/node_modules/.vite/deps/react-dom_client.js?v=bbc580a7:18567:20)
    at runWithFiberInDEV (http://localhost:1421/node_modules/.vite/deps/react-dom_client.js?v=bbc580a7:997:72)
    at commitHookEffectListMount (http://localhost:1421/node_modules/.vite/deps/react-dom_client.js?v=bbc580a7:9411:163)
    at commitHookPassiveMountEffects (http://localhost:1421/node_modules/.vite/deps/react-dom_client.js?v=bbc580a7:9465:60)
    at reconnectPassiveEffects (http://localhost:1421/node_modules/.vite/deps/react-dom_client.js?v=bbc580a7:11273:13)
    at recursivelyTraverseReconnectPassiveEffects (http://localhost:1421/node_modules/.vite/deps/react-dom_client.js?v=bbc580a7:11240:11)
[ 2268294ms] TypeError: Cannot read properties of undefined (reading 'invoke')
    at invoke (http://localhost:1421/node_modules/.vite/deps/chunk-I3MFRJHM.js?v=bbc580a7:77:37)
    at exists (http://localhost:1421/node_modules/.vite/deps/@tauri-apps_plugin-fs.js?v=bbc580a7:430:16)
    at ensureDirs (http://localhost:1421/src/store.js:14:15)
    at loadData (http://localhost:1421/src/store.js:21:9)
    at addCollection (http://localhost:1421/src/store.js:183:28)
    at handleAddCollection (http://localhost:1421/src/App.jsx:252:23)
    at handleModalSave (http://localhost:1421/src/components/Sidebar.jsx:68:11)
    at handleSave (http://localhost:1421/src/components/CreateCollectionModal.jsx:66:13)
    at executeDispatch (http://localhost:1421/node_modules/.vite/deps/react-dom_client.js?v=bbc580a7:13622:11)
    at runWithFiberInDEV (http://localhost:1421/node_modules/.vite/deps/react-dom_client.js?v=bbc580a7:997:72)
